{
  "components" : {
    "schemas" : {
      "test.io.smallrye.openapi.runtime.scanner.entities.JsonbTransientOnFieldExample" : {
        "properties" : {
          "serializedField" : {
            "type" : "string"
          }
        }
      }
    }
  }
}
